// Jest Snapshot v1, https://goo.gl/fbAQLP

exports[`<Card/> renders correctly 1`] = `
<div
  className="Card__StyledCard-hu4gdg-0 hNyZiT"
>
  <p>
    test
  </p>
</div>
`;
