// Jest Snapshot v1, https://goo.gl/fbAQLP

exports[`<Counters/> renders correctly 1`] = `
<div
  className="Counters__StyledCounters-vlq2we-0 iBWZCO Card__StyledCard-hu4gdg-0 hNyZiT"
>
  <article>
    <div
      className="Counter__StyledCounter-sc-1q55mxl-0 eWqOki"
    >
      <button
        className="Counter__Delete-sc-1q55mxl-3 foqxoZ"
        onClick={[MockFunction]}
        type="button"
      >
        <i
          className="fas fa-trash-alt"
        />
      </button>
      <span
        className="Counter__Title-sc-1q55mxl-1 gzIbEF"
      >
        test123
      </span>
      <button
        className="Counter__Increment-sc-1q55mxl-4 gSvDCI Counter__Delete-sc-1q55mxl-3 foqxoZ"
        onClick={[MockFunction]}
        type="button"
      >
        <i
          className="fas fa-plus"
        />
      </button>
      <span
        className="Counter__Count-sc-1q55mxl-2 egAVVf"
      >
        1
      </span>
      <button
        className="Counter__Decrement-sc-1q55mxl-5 cJKjoF Counter__Increment-sc-1q55mxl-4 gSvDCI Counter__Delete-sc-1q55mxl-3 foqxoZ"
        onClick={[MockFunction]}
        type="button"
      >
        <i
          className="fas fa-minus"
        />
      </button>
    </div>
  </article>
</div>
`;
